error5
